50.0={"remoteTemp":50}
51.0={"remoteTemp":51}
52.0={"remoteTemp":52}
53.0={"remoteTemp":53}
54.0={"remoteTemp":54}
55.0={"remoteTemp":55}
56.0={"remoteTemp":56}
57.0={"remoteTemp":57}
58.0={"remoteTemp":58}
59.0={"remoteTemp":59}
60.0={"remoteTemp":60}
61.0={"remoteTemp":61}
62.0={"remoteTemp":62}
63.0={"remoteTemp":63}
64.0={"remoteTemp":64}
65.0={"remoteTemp":65}
66.0={"remoteTemp":66}
67.0={"remoteTemp":67}
68.0={"remoteTemp":68}
69.0={"remoteTemp":69}
70.0={"remoteTemp":70}
71.0={"remoteTemp":71}
72.0={"remoteTemp":72}
73.0={"remoteTemp":73}
74.0={"remoteTemp":74}
75.0={"remoteTemp":75}
76.0={"remoteTemp":76}
77.0={"remoteTemp":77}
78.0={"remoteTemp":78}
79.0={"remoteTemp":79}
80.0={"remoteTemp":80}
81.0={"remoteTemp":81}
82.0={"remoteTemp":82}
83.0={"remoteTemp":83}
84.0={"remoteTemp":84}
85.0={"remoteTemp":85}
86.0={"remoteTemp":86}
87.0={"remoteTemp":87}
88.0={"remoteTemp":88}
89.0={"remoteTemp":89}
90.0={"remoteTemp":90}
91.0={"remoteTemp":91}
92.0={"remoteTemp":92}
93.0={"remoteTemp":93}
94.0={"remoteTemp":94}
95.0={"remoteTemp":95}
96.0={"remoteTemp":96}
97.0={"remoteTemp":97}
98.0={"remoteTemp":98}
99.0={"remoteTemp":99}
100.0={"remoteTemp":100}
50.00={"remoteTemp":50}
51.00={"remoteTemp":51}
52.00={"remoteTemp":52}
53.00={"remoteTemp":53}
54.00={"remoteTemp":54}
55.00={"remoteTemp":55}
56.00={"remoteTemp":56}
57.00={"remoteTemp":57}
58.00={"remoteTemp":58}
59.00={"remoteTemp":59}
60.00={"remoteTemp":60}
61.00={"remoteTemp":61}
62.00={"remoteTemp":62}
63.00={"remoteTemp":63}
64.00={"remoteTemp":64}
65.00={"remoteTemp":65}
66.00={"remoteTemp":66}
67.00={"remoteTemp":67}
68.00={"remoteTemp":68}
69.00={"remoteTemp":69}
70.00={"remoteTemp":70}
71.00={"remoteTemp":71}
72.00={"remoteTemp":72}
73.00={"remoteTemp":73}
74.00={"remoteTemp":74}
75.00={"remoteTemp":75}
76.00={"remoteTemp":76}
77.00={"remoteTemp":77}
78.00={"remoteTemp":78}
79.00={"remoteTemp":79}
80.00={"remoteTemp":80}
81.00={"remoteTemp":81}
82.00={"remoteTemp":82}
83.00={"remoteTemp":83}
84.00={"remoteTemp":84}
85.00={"remoteTemp":85}
86.00={"remoteTemp":86}
87.00={"remoteTemp":87}
88.00={"remoteTemp":88}
89.00={"remoteTemp":89}
90.00={"remoteTemp":90}
91.00={"remoteTemp":91}
92.00={"remoteTemp":92}
93.00={"remoteTemp":93}
94.00={"remoteTemp":94}
95.00={"remoteTemp":95}
96.00={"remoteTemp":96}
97.00={"remoteTemp":97}
98.00={"remoteTemp":98}
99.00={"remoteTemp":99}
100.00={"remoteTemp":100}